Housing Prices and Population/waverly_prices.csv
"Name","URI","Region GSS code","Period","Sales volume","Reporting period","Average price All property types","Average price Detached houses","Average price Semi-detached houses","Average price Terraced houses","Average price Flats and maisonettes","Pivotable date"
Waverley,http://landregistry.data.gov.uk/id/region/waverley,E07000216,2010-11,159,monthly,320559,524768,311258,244244,205210,2010-11-01
Waverley,http://landregistry.data.gov.uk/id/region/waverley,E07000216,2010-12,167,monthly,322419,526963,313653,245556,206627,2010-12-01
Waverley,http://landregistry.data.gov.uk/id/region/waverley,E07000216,2011-01,119,monthly,324277,532192,314604,246250,207350,2011-01-01
Waverley,http://landregistry.data.gov.uk/id/region/waverley,E07000216,2011-02,106,monthly,326424,538094,315641,247344,208190,2011-02-01
Waverley,http://landregistry.data.gov.uk/id/region/waverley,E07000216,2011-03,139,monthly,324161,537746,311892,244927,205973,2011-03-01
Waverley,http://landregistry.data.gov.uk/id/region/waverley,E07000216,2011-04,145,monthly,327370,542064,315044,247957,208306,2011-04-01
Waverley,http://landregistry.data.gov.uk/id/region/waverley,E07000216,2011-05,143,monthly,325494,535002,314134,247648,208739,2011-05-01
Waverley,http://landregistry.data.gov.uk/id/region/waverley,E07000216,2011-06,144,monthly,325309,530592,315541,248540,209725,2011-06-01
Waverley,http://landregistry.data.gov.uk/id/region/waverley,E07000216,2011-07,169,monthly,319635,520128,310404,244499,206506,2011-07-01
Waverley,http://landregistry.data.gov.uk/id/region/waverley,E07000216,2011-08,199,monthly,317994,519821,309177,242972,203231,2011-08-01
Waverley,http://landregistry.data.gov.uk/id/region/waverley,E07000216,2011-09,194,monthly,324337,533243,314793,247158,205736,2011-09-01
Waverley,http://landregistry.data.gov.uk/id/region/waverley,E07000216,2011-10,158,monthly,328496,541705,319296,249548,207154,2011-10-01
Waverley,http://landregistry.data.gov.uk/id/region/waverley,E07000216,2011-11,159,monthly,329317,543336,319413,249610,208573,2011-11-01
Waverley,http://landregistry.data.gov.uk/id/region/waverley,E07000216,2011-12,152,monthly,326458,536104,317383,247900,207819,2011-12-01
Waverley,http://landregistry.data.gov.uk/id/region/waverley,E07000216,2012-01,100,monthly,323663,530339,315253,246420,205940,2012-01-01
Waverley,http://landregistry.data.gov.uk/id/region/waverley,E07000216,2012-02,103,monthly,327101,536095,318874,249398,207431,2012-02-01
Waverley,http://landregistry.data.gov.uk/id/region/waverley,E07000216,2012-03,142,monthly,325336,532527,317212,248558,206366,2012-03-01
Waverley,http://landregistry.data.gov.uk/id/region/waverley,E07000216,2012-04,112,monthly,324988,531275,316190,248230,207407,2012-04-01
Waverley,http://landregistry.data.gov.uk/id/region/waverley,E07000216,2012-05,148,monthly,328704,535366,320139,251770,210547,2012-05-01
Waverley,http://landregistry.data.gov.uk/id/region/waverley,E07000216,2012-06,138,monthly,331640,540352,322564,254598,212153,2012-06-01
Waverley,http://landregistry.data.gov.uk/id/region/waverley,E07000216,2012-07,191,monthly,339247,554003,329760,260416,216156,2012-07-01
Waverley,http://landregistry.data.gov.uk/id/region/waverley,E07000216,2012-08,234,monthly,337066,551144,327671,259003,213912,2012-08-01
Waverley,http://landregistry.data.gov.uk/id/region/waverley,E07000216,2012-09,151,monthly,339688,556935,330115,260431,214895,2012-09-01
Waverley,http://landregistry.data.gov.uk/id/region/waverley,E07000216,2012-10,171,monthly,340991,557829,331764,261786,216112,2012-10-01
Waverley,http://landregistry.data.gov.uk/id/region/waverley,E07000216,2012-11,172,monthly,338762,554052,329590,260285,214633,2012-11-01
Waverley,http://landregistry.data.gov.uk/id/region/waverley,E07000216,2012-12,138,monthly,335881,548836,326865,258253,213007,2012-12-01
Waverley,http://landregistry.data.gov.uk/id/region/waverley,E07000216,2013-01,107,monthly,334173,547594,325718,256570,210467,2013-01-01
Waverley,http://landregistry.data.gov.uk/id/region/waverley,E07000216,2013-02,140,monthly,336430,552553,328084,257859,211043,2013-02-01
Waverley,http://landregistry.data.gov.uk/id/region/waverley,E07000216,2013-03,125,monthly,334047,549755,325734,255602,208939,2013-03-01
Waverley,http://landregistry.data.gov.uk/id/region/waverley,E07000216,2013-04,138,monthly,332711,547273,323874,255245,208226,2013-04-01
Waverley,http://landregistry.data.gov.uk/id/region/waverley,E07000216,2013-05,178,monthly,340768,559775,331722,261515,213730,2013-05-01
Waverley,http://landregistry.data.gov.uk/id/region/waverley,E07000216,2013-06,170,monthly,347669,570236,338872,267424,217839,2013-06-01
Waverley,http://landregistry.data.gov.uk/id/region/waverley,E07000216,2013-07,207,monthly,352601,578108,343687,271300,221013,2013-07-01
Waverley,http://landregistry.data.gov.uk/id/region/waverley,E07000216,2013-08,227,monthly,347982,570857,339441,268041,217439,2013-08-01
Waverley,http://landregistry.data.gov.uk/id/region/waverley,E07000216,2013-09,182,monthly,351965,578936,342838,270709,219543,2013-09-01
Waverley,http://landregistry.data.gov.uk/id/region/waverley,E07000216,2013-10,202,monthly,349121,574867,340432,268102,217373,2013-10-01
Waverley,http://landregistry.data.gov.uk/id/region/waverley,E07000216,2013-11,216,monthly,348755,573482,340209,267987,217466,2013-11-01
Waverley,http://landregistry.data.gov.uk/id/region/waverley,E07000216,2013-12,254,monthly,345889,565719,338320,266263,216749,2013-12-01
Waverley,http://landregistry.data.gov.uk/id/region/waverley,E07000216,2014-01,160,monthly,346528,566180,338872,266877,217529,2014-01-01
Waverley,http://landregistry.data.gov.uk/id/region/waverley,E07000216,2014-02,172,monthly,353819,578630,346158,272150,221885,2014-02-01
Waverley,http://landregistry.data.gov.uk/id/region/waverley,E07000216,2014-03,163,monthly,356984,584527,349534,274434,223203,2014-03-01
Waverley,http://landregistry.data.gov.uk/id/region/waverley,E07000216,2014-04,180,monthly,366793,600033,359431,282500,229103,2014-04-01
Waverley,http://landregistry.data.gov.uk/id/region/waverley,E07000216,2014-05,206,monthly,370496,604465,363298,286069,231756,2014-05-01
Waverley,http://landregistry.data.gov.uk/id/region/waverley,E07000216,2014-06,203,monthly,372111,606525,365070,287569,232815,2014-06-01
Waverley,http://landregistry.data.gov.uk/id/region/waverley,E07000216,2014-07,242,monthly,371757,605880,365196,287503,232146,2014-07-01
Waverley,http://landregistry.data.gov.uk/id/region/waverley,E07000216,2014-08,243,monthly,373270,609824,366674,288442,232337,2014-08-01
Waverley,http://landregistry.data.gov.uk/id/region/waverley,E07000216,2014-09,207,monthly,384444,629197,377111,297028,239026,2014-09-01
Waverley,http://landregistry.data.gov.uk/id/region/waverley,E07000216,2014-10,194,monthly,390725,639344,383148,301314,243491,2014-10-01
Waverley,http://landregistry.data.gov.uk/id/region/waverley,E07000216,2014-11,185,monthly,395321,646347,387473,304688,246925,2014-11-01
Waverley,http://landregistry.data.gov.uk/id/region/waverley,E07000216,2014-12,229,monthly,394057,643829,386402,303463,246466,2014-12-01
Waverley,http://landregistry.data.gov.uk/id/region/waverley,E07000216,2015-01,156,monthly,394378,644580,386955,303395,246569,2015-01-01
Waverley,http://landregistry.data.gov.uk/id/region/waverley,E07000216,2015-02,127,monthly,393045,642961,385382,302032,243371,2015-02-01
Waverley,http://landregistry.data.gov.uk/id/region/waverley,E07000216,2015-03,156,monthly,386490,633168,379039,296431,236517,2015-03-01
Waverley,http://landregistry.data.gov.uk/id/region/waverley,E07000216,2015-04,170,monthly,386892,633853,379062,297275,232855,2015-04-01
Waverley,http://landregistry.data.gov.uk/id/region/waverley,E07000216,2015-05,172,monthly,387326,633478,380134,297853,229688,2015-05-01
Waverley,http://landregistry.data.gov.uk/id/region/waverley,E07000216,2015-06,242,monthly,401475,655969,394646,309790,239628,2015-06-01
Waverley,http://landregistry.data.gov.uk/id/region/waverley,E07000216,2015-07,230,monthly,409687,668985,403322,316083,242352,2015-07-01
Waverley,http://landregistry.data.gov.uk/id/region/waverley,E07000216,2015-08,244,monthly,422708,690989,416212,326400,252275,2015-08-01
Waverley,http://landregistry.data.gov.uk/id/region/waverley,E07000216,2015-09,195,monthly,429092,703599,421452,330481,258051,2015-09-01
Waverley,http://landregistry.data.gov.uk/id/region/waverley,E07000216,2015-10,221,monthly,427864,702028,420151,329859,254790,2015-10-01
Waverley,http://landregistry.data.gov.uk/id/region/waverley,E07000216,2015-11,178,monthly,430008,706045,422346,331188,258738,2015-11-01
Waverley,http://landregistry.data.gov.uk/id/region/waverley,E07000216,2015-12,221,monthly,422066,692050,415419,325196,248613,2015-12-01
Waverley,http://landregistry.data.gov.uk/id/region/waverley,E07000216,2016-01,148,monthly,427850,701392,422068,328861,237711,2016-01-01
Waverley,http://landregistry.data.gov.uk/id/region/waverley,E07000216,2016-02,149,monthly,423587,695154,418060,325192,235066,2016-02-01
Waverley,http://landregistry.data.gov.uk/id/region/waverley,E07000216,2016-03,242,monthly,427491,703179,421204,327227,237393,2016-03-01
Waverley,http://landregistry.data.gov.uk/id/region/waverley,E07000216,2016-04,109,monthly,434362,712694,427493,333540,241841,2016-04-01
Waverley,http://landregistry.data.gov.uk/id/region/waverley,E07000216,2016-05,174,monthly,439616,716675,432679,338835,246640,2016-05-01
Waverley,http://landregistry.data.gov.uk/id/region/waverley,E07000216,2016-06,194,monthly,447905,726965,441042,346796,251967,2016-06-01
Waverley,http://landregistry.data.gov.uk/id/region/waverley,E07000216,2016-07,193,monthly,444771,722791,437904,344027,249915,2016-07-01
Waverley,http://landregistry.data.gov.uk/id/region/waverley,E07000216,2016-08,175,monthly,444963,725307,437660,343710,249293,2016-08-01
Waverley,http://landregistry.data.gov.uk/id/region/waverley,E07000216,2016-09,158,monthly,443949,724086,437379,342256,248483,2016-09-01
Waverley,http://landregistry.data.gov.uk/id/region/waverley,E07000216,2016-10,139,monthly,441882,721046,434902,339609,248129,2016-10-01
Waverley,http://landregistry.data.gov.uk/id/region/waverley,E07000216,2016-11,132,monthly,440949,721411,433748,337645,247483,2016-11-01
Waverley,http://landregistry.data.gov.uk/id/region/waverley,E07000216,2016-12,204,monthly,436383,714416,428537,333657,245424,2016-12-01
Waverley,http://landregistry.data.gov.uk/id/region/waverley,E07000216,2017-01,137,monthly,436107,714266,428320,333746,244849,2017-01-01
Waverley,http://landregistry.data.gov.uk/id/region/waverley,E07000216,2017-02,131,monthly,437111,714026,428748,334705,246862,2017-02-01
Waverley,http://landregistry.data.gov.uk/id/region/waverley,E07000216,2017-03,183,monthly,435375,711464,426940,333056,246078,2017-03-01
Waverley,http://landregistry.data.gov.uk/id/region/waverley,E07000216,2017-04,171,monthly,442304,723541,432918,337734,250588,2017-04-01
Waverley,http://landregistry.data.gov.uk/id/region/waverley,E07000216,2017-05,180,monthly,444860,726371,436461,339553,252204,2017-05-01
Waverley,http://landregistry.data.gov.uk/id/region/waverley,E07000216,2017-06,163,monthly,454531,740082,446007,347538,258447,2017-06-01
Waverley,http://landregistry.data.gov.uk/id/region/waverley,E07000216,2017-07,166,monthly,450502,731031,443029,344802,256696,2017-07-01
Waverley,http://landregistry.data.gov.uk/id/region/waverley,E07000216,2017-08,228,monthly,458270,745157,450023,351383,260192,2017-08-01
Waverley,http://landregistry.data.gov.uk/id/region/waverley,E07000216,2017-09,168,monthly,459940,749847,451848,352414,260004,2017-09-01
Waverley,http://landregistry.data.gov.uk/id/region/waverley,E07000216,2017-10,168,monthly,463981,758160,456003,355498,261132,2017-10-01
Waverley,http://landregistry.data.gov.uk/id/region/waverley,E07000216,2017-11,174,monthly,456545,745597,449460,349437,256916,2017-11-01
Waverley,http://landregistry.data.gov.uk/id/region/waverley,E07000216,2017-12,150,monthly,452751,738584,445990,346815,254870,2017-12-01
Waverley,http://landregistry.data.gov.uk/id/region/waverley,E07000216,2018-01,130,monthly,448645,731289,442253,343708,252668,2018-01-01
Waverley,http://landregistry.data.gov.uk/id/region/waverley,E07000216,2018-02,149,monthly,449082,733337,442276,343740,252462,2018-02-01
Waverley,http://landregistry.data.gov.uk/id/region/waverley,E07000216,2018-03,129,monthly,449875,734145,444042,344667,252451,2018-03-01
Waverley,http://landregistry.data.gov.uk/id/region/waverley,E07000216,2018-04,106,monthly,453220,739132,447885,348345,253765,2018-04-01
Waverley,http://landregistry.data.gov.uk/id/region/waverley,E07000216,2018-05,150,monthly,456735,745583,452827,351799,254294,2018-05-01
Waverley,http://landregistry.data.gov.uk/id/region/waverley,E07000216,2018-06,161,monthly,461402,754259,457835,355198,256282,2018-06-01
Waverley,http://landregistry.data.gov.uk/id/region/waverley,E07000216,2018-07,213,monthly,466189,765407,462013,358255,257935,2018-07-01
Waverley,http://landregistry.data.gov.uk/id/region/waverley,E07000216,2018-08,211,monthly,474378,779054,469823,364995,262321,2018-08-01
Waverley,http://landregistry.data.gov.uk/id/region/waverley,E07000216,2018-09,173,monthly,474230,780921,469594,365064,261198,2018-09-01
Waverley,http://landregistry.data.gov.uk/id/region/waverley,E07000216,2018-10,165,monthly,473389,778926,468800,363934,261224,2018-10-01
Waverley,http://landregistry.data.gov.uk/id/region/waverley,E07000216,2018-11,163,monthly,461131,761259,456712,353912,253533,2018-11-01
Waverley,http://landregistry.data.gov.uk/id/region/waverley,E07000216,2018-12,148,monthly,453599,747153,449215,347649,250421,2018-12-01
Waverley,http://landregistry.data.gov.uk/id/region/waverley,E07000216,2019-01,137,monthly,452024,745776,448217,346174,248820,2019-01-01
Waverley,http://landregistry.data.gov.uk/id/region/waverley,E07000216,2019-02,113,monthly,453079,746326,449349,346840,250026,2019-02-01
Waverley,http://landregistry.data.gov.uk/id/region/waverley,E07000216,2019-03,126,monthly,448819,739945,445725,343913,246917,2019-03-01
Waverley,http://landregistry.data.gov.uk/id/region/waverley,E07000216,2019-04,133,monthly,439617,723002,437025,338360,241702,2019-04-01
Waverley,http://landregistry.data.gov.uk/id/region/waverley,E07000216,2019-05,140,monthly,437533,718344,435626,337804,240192,2019-05-01
Waverley,http://landregistry.data.gov.uk/id/region/waverley,E07000216,2019-06,150,monthly,448610,736129,446543,346839,246300,2019-06-01
Waverley,http://landregistry.data.gov.uk/id/region/waverley,E07000216,2019-07,160,monthly,450889,739817,448806,348498,247648,2019-07-01
Waverley,http://landregistry.data.gov.uk/id/region/waverley,E07000216,2019-08,226,monthly,452932,744898,450561,350021,247954,2019-08-01
Waverley,http://landregistry.data.gov.uk/id/region/waverley,E07000216,2019-09,192,monthly,448835,738932,445712,347242,245550,2019-09-01
Waverley,http://landregistry.data.gov.uk/id/region/waverley,E07000216,2019-10,172,monthly,451043,742848,448537,348616,246348,2019-10-01
Waverley,http://landregistry.data.gov.uk/id/region/waverley,E07000216,2019-11,186,monthly,448240,738877,446398,345498,244557,2019-11-01
Waverley,http://landregistry.data.gov.uk/id/region/waverley,E07000216,2019-12,164,monthly,444166,732406,443151,342257,241677,2019-12-01
Waverley,http://landregistry.data.gov.uk/id/region/waverley,E07000216,2020-01,143,monthly,443248,730914,442365,342113,240732,2020-01-01
Waverley,http://landregistry.data.gov.uk/id/region/waverley,E07000216,2020-02,130,monthly,439570,724638,438133,340128,238773,2020-02-01
Waverley,http://landregistry.data.gov.uk/id/region/waverley,E07000216,2020-03,148,monthly,447804,738686,446255,346187,243331,2020-03-01
Waverley,http://landregistry.data.gov.uk/id/region/waverley,E07000216,2020-04,71,monthly,465050,771658,462521,359250,250621,2020-04-01
Waverley,http://landregistry.data.gov.uk/id/region/waverley,E07000216,2020-05,80,monthly,478616,794243,476724,368804,257875,2020-05-01
Waverley,http://landregistry.data.gov.uk/id/region/waverley,E07000216,2020-06,123,monthly,473425,784176,472146,365905,254790,2020-06-01
Waverley,http://landregistry.data.gov.uk/id/region/waverley,E07000216,2020-07,149,monthly,460113,758380,459390,356071,249403,2020-07-01
Waverley,http://landregistry.data.gov.uk/id/region/waverley,E07000216,2020-08,185,monthly,466642,770323,466142,362126,251239,2020-08-01
Waverley,http://landregistry.data.gov.uk/id/region/waverley,E07000216,2020-09,172,monthly,474824,787093,473933,367783,254208,2020-09-01
Waverley,http://landregistry.data.gov.uk/id/region/waverley,E07000216,2020-10,219,monthly,478508,794805,477228,371055,255135,2020-10-01
Waverley,http://landregistry.data.gov.uk/id/region/waverley,E07000216,2020-11,218,monthly,466852,775278,464547,362591,249591,2020-11-01
Waverley,http://landregistry.data.gov.uk/id/region/waverley,E07000216,2020-12,236,monthly,465718,772893,463114,362424,249115,2020-12-01
Waverley,http://landregistry.data.gov.uk/id/region/waverley,E07000216,2021-01,219,monthly,466093,770062,463746,363069,251236,2021-01-01
Waverley,http://landregistry.data.gov.uk/id/region/waverley,E07000216,2021-02,260,monthly,467334,767486,465516,364948,254132,2021-02-01
Waverley,http://landregistry.data.gov.uk/id/region/waverley,E07000216,2021-03,386,monthly,464032,757302,462587,363193,255043,2021-03-01
Waverley,http://landregistry.data.gov.uk/id/region/waverley,E07000216,2021-04,212,monthly,461190,752847,459815,360933,253289,2021-04-01
Waverley,http://landregistry.data.gov.uk/id/region/waverley,E07000216,2021-05,160,monthly,465383,761185,463903,363700,254719,2021-05-01
Waverley,http://landregistry.data.gov.uk/id/region/waverley,E07000216,2021-06,543,monthly,472753,772763,470557,371034,258655,2021-06-01
Waverley,http://landregistry.data.gov.uk/id/region/waverley,E07000216,2021-07,78,monthly,478046,784807,475759,373199,260104,2021-07-01
Waverley,http://landregistry.data.gov.uk/id/region/waverley,E07000216,2021-08,168,monthly,487222,804162,484826,378590,262720,2021-08-01
