Housing Prices and Population/waverly_prices.csv
"Name","URI","Region GSS code","Period","Sales volume","Reporting period","Average price All property types","Average price Detached houses","Average price Semi-detached houses","Average price Terraced houses","Average price Flats and maisonettes","Pivotable date"
Waverley,http://landregistry.data.gov.uk/id/region/waverley,E07000216,2021-09,327,monthly,494012,818756,492131,381861,264312,2021-09-01
Waverley,http://landregistry.data.gov.uk/id/region/waverley,E07000216,2021-10,133,monthly,501048,833505,498464,386706,266478,2021-10-01
Waverley,http://landregistry.data.gov.uk/id/region/waverley,E07000216,2021-11,174,monthly,502719,837082,500169,387642,266910,2021-11-01
Waverley,http://landregistry.data.gov.uk/id/region/waverley,E07000216,2021-12,197,monthly,503590,841313,500904,387315,265802,2021-12-01
Waverley,http://landregistry.data.gov.uk/id/region/waverley,E07000216,2022-01,169,monthly,504700,841193,503399,389311,265976,2022-01-01
Waverley,http://landregistry.data.gov.uk/id/region/waverley,E07000216,2022-02,173,monthly,503328,837598,502446,388757,265702,2022-02-01
Waverley,http://landregistry.data.gov.uk/id/region/waverley,E07000216,2022-03,206,monthly,500754,833951,500589,386175,263600,2022-03-01
Waverley,http://landregistry.data.gov.uk/id/region/waverley,E07000216,2022-04,174,monthly,505442,840881,504734,391288,266193,2022-04-01
Waverley,http://landregistry.data.gov.uk/id/region/waverley,E07000216,2022-05,190,monthly,510304,848604,510135,396121,267685,2022-05-01
Waverley,http://landregistry.data.gov.uk/id/region/waverley,E07000216,2022-06,216,monthly,519425,862143,519030,404350,273279,2022-06-01
Waverley,http://landregistry.data.gov.uk/id/region/waverley,E07000216,2022-07,186,monthly,530017,879775,530807,412595,277650,2022-07-01
Waverley,http://landregistry.data.gov.uk/id/region/waverley,E07000216,2022-08,224,monthly,541962,899123,543161,422942,283129,2022-08-01
Waverley,http://landregistry.data.gov.uk/id/region/waverley,E07000216,2022-09,222,monthly,551595,916537,553503,430576,286052,2022-09-01
Waverley,http://landregistry.data.gov.uk/id/region/waverley,E07000216,2022-10,212,monthly,546636,908458,548115,426856,283603,2022-10-01
Waverley,http://landregistry.data.gov.uk/id/region/waverley,E07000216,2022-11,195,monthly,543669,905009,544862,423698,281636,2022-11-01
